// Jest Snapshot v1, https://goo.gl/fbAQLP

exports[`<ErrorFallbackComponent /> renderClientSafeComponent correctly 1`] = `ShallowWrapper {}`;

exports[`<ErrorFallbackComponent /> renderErrorComponent correctly 1`] = `
<div
  className="safeComponent-error"
>
  <FallbackErrorComponent
    componentName=""
    errorMessage=""
  />
</div>
`;

exports[`<ErrorFallbackComponent /> renders correctly 1`] = `[Function]`;

exports[`<ErrorFallbackComponent /> renders correctly 2`] = `[Function]`;
